// Jest Snapshot v1, https://goo.gl/fbAQLP

exports[`renders 1`] = `
<button
  className="sc-AxjAm dLmywG"
  onClick={[Function]}
>
  Button
</button>
`;
