// Jest Snapshot v1, https://goo.gl/fbAQLP

exports[`CouponButton renders 1`] = `
<div
  className="sc-AxiKw glNTBB"
>
  <button
    className="sc-AxjAm sc-AxhUy fHieOr"
    onClick={[Function]}
  >
    Button
  </button>
</div>
`;
