// Jest Snapshot v1, https://goo.gl/fbAQLP

exports[`Thumbnail renders 1`] = `
<img
  className="sc-AxjAm dbBgCN"
  src="test.jpg"
/>
`;
