// Jest Snapshot v1, https://goo.gl/fbAQLP

exports[`App renders 1`] = `
<div
  className="sc-fzoXzr dABkKK"
>
  <div
    className="sc-fzpjYC iSva-Dd"
  >
    <div
      className="sc-fznxsB aZQjH"
    />
    <div
      className="sc-fznxsB aZQjH"
    />
  </div>
</div>
`;
